// Jest Snapshot v1, https://goo.gl/fbAQLP

exports[`DOMLocator attribute position 1`] = `
{
  "actual": "<html xmlns="http://www.w3.org/1999/xhtml"><body title="1&lt;2" data-item="x" data-item2="y" data-item3="data-item3" data-item4="k"><table>&lt;;test</table></body></html>",
  "errors": [
    [
      "warning",
      "attribute "k" missed quot(")!",
      {
        "columnNumber": 48,
        "lineNumber": 2,
        "starts": 91,
      },
    ],
  ],
}
`;

exports[`DOMLocator logs error positions 1`] = `
[
  [
    "error",
    "element parse error: Error: invalid tagName:err<",
    {
      "columnNumber": 3,
      "lineNumber": 2,
    },
  ],
]
`;
